16:20:41 **** Incremental Build of configuration Debug for project openSSD_firmware ****
make pre-build main-build 
a9-linaro-pre-build-step
' '
make: Nothing to be done for 'main-build'.
16:20:53 **** Incremental Build of configuration Debug for project openSSD_firmware ****
make pre-build main-build 
a9-linaro-pre-build-step
' '
'Building file: ../src/address_translation.c'
'Invoking: ARM v7 gcc compiler'
arm-none-eabi-gcc -Wall -O0 -g3 -I"Z:\vm\test0423\openSSD_firmware\src" -I"Z:\vm\test0423\openSSD_firmware\src\cdma" -I"Z:\vm\test0423\openSSD_firmware\src\nvme" -c -fmessage-length=0 -MT"src/address_translation.o" -mcpu=cortex-a9 -mfpu=vfpv3 -mfloat-abi=hard -I../../openSSD_firmware_bsp/ps7_cortexa9_0/include -MMD -MP -MF"src/address_translation.d" -MT"src/address_translation.o" -o "src/address_translation.o" "../src/address_translation.c"
../src/address_translation.c: In function 'checkChannelInfo':
../src/address_translation.c:1412:1: warning: control reaches end of non-void function [-Wreturn-type]
 }
 ^
'Finished building: ../src/address_translation.c'
' '
'Building target: openSSD_firmware.elf'
'Invoking: ARM v7 gcc linker'
arm-none-eabi-gcc -mcpu=cortex-a9 -mfpu=vfpv3 -mfloat-abi=hard -Wl,-build-id=none -specs=Xilinx.spec -Wl,-T -Wl,../src/lscript.ld -L../../openSSD_firmware_bsp/ps7_cortexa9_0/lib -o "openSSD_firmware.elf"  ./src/nvme/host_lld.o ./src/nvme/nvme_admin_cmd.o ./src/nvme/nvme_identify.o ./src/nvme/nvme_io_cmd.o ./src/nvme/nvme_main.o  ./src/nmc/address_translation_nmc.o ./src/nmc/nmc_file_table.o ./src/nmc/nmc_mapping.o ./src/nmc/nmc_requests.o  ./src/monitor/monitor.o ./src/monitor/monitor_buffer.o ./src/monitor/monitor_cmds.o ./src/monitor/monitor_flash.o ./src/monitor/monitor_map.o  ./src/input/input.o  ./src/cdma/cdma.o  ./src/address_translation.o ./src/data_buffer.o ./src/ftl_config.o ./src/garbage_collection.o ./src/main.o ./src/nsc_driver.o ./src/request_allocation.o ./src/request_schedule.o ./src/request_transform.o   -Wl,--start-group,-lxil,-lgcc,-lc,--end-group
'Finished building target: openSSD_firmware.elf'
' '
'Invoking: ARM v7 Print Size'
arm-none-eabi-size openSSD_firmware.elf  |tee "openSSD_firmware.elf.size"
   text	   data	    bss	    dec	    hex	filename
 213420	   7248	  25712	 246380	  3c26c	openSSD_firmware.elf
'Finished building: openSSD_firmware.elf.size'
' '
16:22:40 **** Auto Build of configuration Debug for project openSSD_firmware ****
make pre-build main-build 
a9-linaro-pre-build-step
' '
'Building file: ../src/nvme/nvme_main.c'
'Invoking: ARM v7 gcc compiler'
arm-none-eabi-gcc -Wall -O0 -g3 -I"Z:\vm\test0423\openSSD_firmware\src" -I"Z:\vm\test0423\openSSD_firmware\src\cdma" -I"Z:\vm\test0423\openSSD_firmware\src\nvme" -c -fmessage-length=0 -MT"src/nvme/nvme_main.o" -mcpu=cortex-a9 -mfpu=vfpv3 -mfloat-abi=hard -I../../openSSD_firmware_bsp/ps7_cortexa9_0/include -MMD -MP -MF"src/nvme/nvme_main.d" -MT"src/nvme/nvme_main.o" -o "src/nvme/nvme_main.o" "../src/nvme/nvme_main.c"
In file included from ../src/nvme/nvme_main.c:72:
../../openSSD_firmware_bsp/ps7_cortexa9_0/include/xtime_l.h:87:9: note: #pragma message: For the sleep routines, Global timer is being used
 #pragma message ("For the sleep routines, Global timer is being used")
         ^~~~~~~
../src/nvme/nvme_main.c:78:18: warning: initialization of 'int *' from 'unsigned int' makes pointer from integer without a cast [-Wint-conversion]
 int *timer_reg = 0xF8F00200;
                  ^~~~~~~~~~
../src/nvme/nvme_main.c:79:22: warning: initialization of 'int *' from 'int' makes pointer from integer without a cast [-Wint-conversion]
 int *count_address = 0x2FFFE010;
                      ^~~~~~~~~~
'Finished building: ../src/nvme/nvme_main.c'
' '
'Building target: openSSD_firmware.elf'
'Invoking: ARM v7 gcc linker'
arm-none-eabi-gcc -mcpu=cortex-a9 -mfpu=vfpv3 -mfloat-abi=hard -Wl,-build-id=none -specs=Xilinx.spec -Wl,-T -Wl,../src/lscript.ld -L../../openSSD_firmware_bsp/ps7_cortexa9_0/lib -o "openSSD_firmware.elf"  ./src/nvme/host_lld.o ./src/nvme/nvme_admin_cmd.o ./src/nvme/nvme_identify.o ./src/nvme/nvme_io_cmd.o ./src/nvme/nvme_main.o  ./src/nmc/address_translation_nmc.o ./src/nmc/nmc_file_table.o ./src/nmc/nmc_mapping.o ./src/nmc/nmc_requests.o  ./src/monitor/monitor.o ./src/monitor/monitor_buffer.o ./src/monitor/monitor_cmds.o ./src/monitor/monitor_flash.o ./src/monitor/monitor_map.o  ./src/input/input.o  ./src/cdma/cdma.o  ./src/address_translation.o ./src/data_buffer.o ./src/ftl_config.o ./src/garbage_collection.o ./src/main.o ./src/nsc_driver.o ./src/request_allocation.o ./src/request_schedule.o ./src/request_transform.o   -Wl,--start-group,-lxil,-lgcc,-lc,--end-group
'Finished building target: openSSD_firmware.elf'
' '
'Invoking: ARM v7 Print Size'
arm-none-eabi-size openSSD_firmware.elf  |tee "openSSD_firmware.elf.size"
   text	   data	    bss	    dec	    hex	filename
 213420	   7248	  25712	 246380	  3c26c	openSSD_firmware.elf
'Finished building: openSSD_firmware.elf.size'
' '
16:22:45 **** Incremental Build of configuration Debug for project openSSD_firmware ****
make pre-build main-build 
a9-linaro-pre-build-step
' '
make: Nothing to be done for 'main-build'.
16:24:49 **** Auto Build of configuration Debug for project openSSD_firmware ****
make pre-build main-build 
a9-linaro-pre-build-step
' '
'Building file: ../src/address_translation.c'
'Invoking: ARM v7 gcc compiler'
arm-none-eabi-gcc -Wall -O0 -g3 -I"Z:\vm\test0423\openSSD_firmware\src" -I"Z:\vm\test0423\openSSD_firmware\src\cdma" -I"Z:\vm\test0423\openSSD_firmware\src\nvme" -c -fmessage-length=0 -MT"src/address_translation.o" -mcpu=cortex-a9 -mfpu=vfpv3 -mfloat-abi=hard -I../../openSSD_firmware_bsp/ps7_cortexa9_0/include -MMD -MP -MF"src/address_translation.d" -MT"src/address_translation.o" -o "src/address_translation.o" "../src/address_translation.c"
'Finished building: ../src/address_translation.c'
' '
'Building target: openSSD_firmware.elf'
'Invoking: ARM v7 gcc linker'
arm-none-eabi-gcc -mcpu=cortex-a9 -mfpu=vfpv3 -mfloat-abi=hard -Wl,-build-id=none -specs=Xilinx.spec -Wl,-T -Wl,../src/lscript.ld -L../../openSSD_firmware_bsp/ps7_cortexa9_0/lib -o "openSSD_firmware.elf"  ./src/nvme/host_lld.o ./src/nvme/nvme_admin_cmd.o ./src/nvme/nvme_identify.o ./src/nvme/nvme_io_cmd.o ./src/nvme/nvme_main.o  ./src/nmc/address_translation_nmc.o ./src/nmc/nmc_file_table.o ./src/nmc/nmc_mapping.o ./src/nmc/nmc_requests.o  ./src/monitor/monitor.o ./src/monitor/monitor_buffer.o ./src/monitor/monitor_cmds.o ./src/monitor/monitor_flash.o ./src/monitor/monitor_map.o  ./src/input/input.o  ./src/cdma/cdma.o  ./src/address_translation.o ./src/data_buffer.o ./src/ftl_config.o ./src/garbage_collection.o ./src/main.o ./src/nsc_driver.o ./src/request_allocation.o ./src/request_schedule.o ./src/request_transform.o   -Wl,--start-group,-lxil,-lgcc,-lc,--end-group
'Finished building target: openSSD_firmware.elf'
' '
'Invoking: ARM v7 Print Size'
arm-none-eabi-size openSSD_firmware.elf  |tee "openSSD_firmware.elf.size"
   text	   data	    bss	    dec	    hex	filename
 213484	   7248	  25712	 246444	  3c2ac	openSSD_firmware.elf
'Finished building: openSSD_firmware.elf.size'
' '
16:24:55 **** Incremental Build of configuration Debug for project openSSD_firmware ****
make pre-build main-build 
a9-linaro-pre-build-step
' '
make: Nothing to be done for 'main-build'.
16:28:13 **** Incremental Build of configuration Debug for project openSSD_firmware ****
make pre-build main-build 
a9-linaro-pre-build-step
' '
make: Nothing to be done for 'main-build'.
16:56:05 **** Incremental Build of configuration Debug for project openSSD_firmware ****
make pre-build main-build 
a9-linaro-pre-build-step
' '
make: Nothing to be done for 'main-build'.
